// Jest Snapshot v1, https://goo.gl/fbAQLP

exports[`Map component renders correctly 1`] = `
<View
  style={
    [
      {
        "flex": 1,
      },
      {
        "paddingBottom": 0,
        "paddingLeft": 20,
        "paddingRight": 20,
        "paddingTop": 0,
      },
    ]
  }
>
  <View
    style={
      {
        "alignSelf": "flex-end",
        "backgroundColor": "lightgrey",
        "flex": 0,
        "flexBasis": 0,
        "zIndex": 1,
      }
    }
  >
    <View
      accessibilityState={
        {
          "busy": undefined,
          "checked": undefined,
          "disabled": undefined,
          "expanded": undefined,
          "selected": undefined,
        }
      }
      accessibilityValue={
        {
          "max": undefined,
          "min": undefined,
          "now": undefined,
          "text": undefined,
        }
      }
      accessible={true}
      collapsable={false}
      focusable={true}
      onClick={[Function]}
      onResponderGrant={[Function]}
      onResponderMove={[Function]}
      onResponderRelease={[Function]}
      onResponderTerminate={[Function]}
      onResponderTerminationRequest={[Function]}
      onStartShouldSetResponder={[Function]}
      style={
        {
          "alignItems": "center",
          "backgroundColor": "white",
          "borderRadius": 50,
          "height": 50,
          "justifyContent": "center",
          "marginTop": 15,
          "opacity": 1,
          "shadowColor": "rgba(0, 0, 0, 0.3)",
          "shadowOffset": {
            "height": 2,
            "width": 0,
          },
          "shadowOpacity": 1,
          "shadowRadius": 3,
          "width": 50,
        }
      }
    >
      <RNSVGSvgView
        bbHeight="20"
        bbWidth="20"
        focusable={false}
        height={20}
        style={
          [
            {
              "backgroundColor": "transparent",
              "borderWidth": 0,
            },
            {
              "flex": 0,
              "height": 20,
              "width": 20,
            },
          ]
        }
        width={20}
        xmlns="http://www.w3.org/2000/svg"
      >
        <RNSVGGroup>
          <RNSVGGroup
            matrix={
              [
                1,
                0,
                0,
                1,
                -328,
                -157,
              ]
            }
            propList={
              [
                "stroke",
                "strokeWidth",
                "strokeLinecap",
                "strokeLinejoin",
              ]
            }
            stroke={
              {
                "payload": 4278215934,
                "type": 0,
              }
            }
            strokeLinecap={1}
            strokeLinejoin={1}
            strokeWidth="2"
          >
            <RNSVGCircle
              cx="0.5"
              cy="0.5"
              fill={
                {
                  "payload": 4294967295,
                  "type": 0,
                }
              }
              matrix={
                [
                  1,
                  0,
                  0,
                  1,
                  337.5,
                  166.5,
                ]
              }
              propList={
                [
                  "fill",
                ]
              }
              r="0.5"
            />
            <RNSVGCircle
              cx="7"
              cy="7"
              fill={null}
              matrix={
                [
                  1,
                  0,
                  0,
                  1,
                  331,
                  160,
                ]
              }
              propList={
                [
                  "fill",
                ]
              }
              r="7"
            />
            <RNSVGPath
              d="M338 158v2"
              fill={null}
              propList={
                [
                  "fill",
                ]
              }
            />
            <RNSVGPath
              d="M329 167h2"
              fill={null}
              propList={
                [
                  "fill",
                ]
              }
            />
            <RNSVGPath
              d="M338 174v2"
              fill={null}
              propList={
                [
                  "fill",
                ]
              }
            />
            <RNSVGPath
              d="M345 167h2"
              fill={null}
              propList={
                [
                  "fill",
                ]
              }
            />
          </RNSVGGroup>
        </RNSVGGroup>
      </RNSVGSvgView>
    </View>
    <View
      accessibilityState={
        {
          "busy": undefined,
          "checked": undefined,
          "disabled": undefined,
          "expanded": undefined,
          "selected": undefined,
        }
      }
      accessibilityValue={
        {
          "max": undefined,
          "min": undefined,
          "now": undefined,
          "text": undefined,
        }
      }
      accessible={true}
      collapsable={false}
      focusable={true}
      onClick={[Function]}
      onResponderGrant={[Function]}
      onResponderMove={[Function]}
      onResponderRelease={[Function]}
      onResponderTerminate={[Function]}
      onResponderTerminationRequest={[Function]}
      onStartShouldSetResponder={[Function]}
      style={
        {
          "alignItems": "center",
          "backgroundColor": "white",
          "borderRadius": 50,
          "height": 50,
          "justifyContent": "center",
          "marginTop": 15,
          "opacity": 1,
          "shadowColor": "rgba(0, 0, 0, 0.3)",
          "shadowOffset": {
            "height": 2,
            "width": 0,
          },
          "shadowOpacity": 1,
          "shadowRadius": 3,
          "width": 50,
        }
      }
    >
      <RNSVGSvgView
        align="xMidYMid"
        bbHeight="19"
        bbWidth="22"
        focusable={false}
        height={19}
        meetOrSlice={0}
        minX={0}
        minY={0}
        style={
          [
            {
              "backgroundColor": "transparent",
              "borderWidth": 0,
            },
            {
              "flex": 0,
              "height": 19,
              "width": 22,
            },
          ]
        }
        vbHeight={19}
        vbWidth={22}
        width={22}
        xmlns="http://www.w3.org/2000/svg"
      >
        <RNSVGGroup>
          <RNSVGPath
            d="M19.865 1.299a5.931 5.931 0 0 0-8.018.577l-.846.861-.846-.861a5.931 5.931 0 0 0-8.018-.577 6.036 6.036 0 0 0-.425 8.817l8.314 8.474a1.359 1.359 0 0 0 1.946 0l8.314-8.474a6.032 6.032 0 0 0-.421-8.817Z"
            fill={
              {
                "payload": 4278215934,
                "type": 0,
              }
            }
            name="heart"
            propList={
              [
                "fill",
              ]
            }
          />
        </RNSVGGroup>
      </RNSVGSvgView>
    </View>
  </View>
  <MapView
    initialRegion={
      {
        "latitude": 55.68375507989918,
        "latitudeDelta": 0.0922,
        "longitude": 12.57572185309855,
        "longitudeDelta": 0.0421,
      }
    }
    mapType="standard"
    onPanDrag={[Function]}
    onUserLocationChange={[Function]}
    showsMyLocationButton={false}
    showsUserLocation={true}
    style={
      {
        "bottom": 0,
        "left": 0,
        "position": "absolute",
        "right": 0,
        "top": 0,
      }
    }
  />
</View>
`;
